test_taper starting - building working data objects
Setup finished - Starting tests of tapers
Trying a front mute linear taper
TimeSeries apply method completed returning 0
Seismogram apply method completed returning 0
Trying linear tail mute taper
TimeSeries apply method completed returning 0
Seismogram apply method completed returning 0
Trying full linear taper
TimeSeries apply method completed returning 0
Seismogram apply method completed returning 0
Intentional error to test error logging functions
Both of the following should show an informational error
TimeSeries apply method completed returning -1
LinearTaper:LinearTaper::apply:  inconsistent tail taper parameters
Data start time=10000 is after the end of the tail taper = 180
Data vector was not altered

Seismogram apply method completed returning -1
LinearTaper:LinearTaper::apply:  inconsistent tail taper parameters
Data start time=10000 is after the end of the tail taper = 180
Data vector was not altered

Starting similar tests for cosine taper
Trying cosine front end taper
TimeSeries apply method completed returning 0
Seismogram apply method completed returning 0
Trying cosine tail mute taper
TimeSeries apply method completed returning 0
Seismogram apply method completed returning 0
Trying full CosineTaper taper
TimeSeries apply method completed returning 0
Seismogram apply method completed returning 0
Intentional error to test error logging functions
Both of the following should show an informational error
TimeSeries apply method completed returning -1
CosineTaper:CosineTaper::apply:  inconsistent tail taper parameters
Data start time=10000 is after the end of the tail taper = 180
Data vector was not altered

Seismogram apply method completed returning -1
CosineTaper:CosineTaper::apply:  inconsistent tail taper parameters
Data start time=10000 is after the end of the tail taper = 180
Data vector was not altered

dump of all TimeSeries tests
 0 0 0 0 0 0.1 0.2 0.3 0.4 0.5 0.6 0.7 0.8 0.9 1 1 1 1 1 1 1 1 1 1 1 1 1 1 1 1 1 1 1 1 1 1 1 1 1 1 1 1 1 1 1 1 1 1 1 1 1 1 1 1 1 1 1 1 1 1 1 1 1 1 1 1 1 1 1 1 1 1 1 1 1 1 1 1 1 1 1 1 1 1 1 1 1 1 1 1 1 1 1 1 1 1 1 1 1 1 1 1 1 1 1 1 1 1 1 1 1 1 1 1 1 1 1 1 1 1 1 1 1 1 1 1 1 1 1 1 1 1 1 1 1 1 1 1 1 1 1 1 1 1 1 1 1 1 1 1 1 1 1 1 1 1 1 1 1 1 1 1 1 1 1 1 1 1 1 1 1 1 1 1 1 1 1 1 1 1 1 1 1 1 1 1 1 1 1 1 1 1 1 1 1 1 1 1 1 1
 1 1 1 1 1 1 1 1 1 1 1 1 1 1 1 1 1 1 1 1 1 1 1 1 1 1 1 1 1 1 1 1 1 1 1 1 1 1 1 1 1 1 1 1 1 1 1 1 1 1 1 1 1 1 1 1 1 1 1 1 1 1 1 1 1 1 1 1 1 1 1 1 1 1 1 1 1 1 1 1 1 1 1 1 1 1 1 1 1 1 1 1 1 1 1 1 1 1 1 1 1 1 1 1 1 1 1 1 1 1 1 1 1 1 1 1 1 1 1 1 1 1 1 1 1 1 1 1 1 1 1 1 1 1 1 1 1 1 1 1 1 1 1 1 1 1 1 1 1 1 1 0.966667 0.933333 0.9 0.866667 0.833333 0.8 0.766667 0.733333 0.7 0.666667 0.633333 0.6 0.566667 0.533333 0.5 0.466667 0.433333 0.4 0.366667 0.333333 0.3 0.266667 0.233333 0.2 0.166667 0.133333 0.1 0.0666667 0.0333333 0 0 0 0 0 0 0 0 0 0 0 0 0 0 0 0 0 0 0 0
 0 0 0 0 0 0 0 0 0 0 0 0.0666667 0.133333 0.2 0.266667 0.333333 0.4 0.466667 0.533333 0.6 0.666667 0.733333 0.8 0.866667 0.933333 1 1 1 1 1 1 1 1 1 1 1 1 1 1 1 1 1 1 1 1 1 1 1 1 1 1 1 1 1 1 1 1 1 1 1 1 1 1 1 1 1 1 1 1 1 1 1 1 1 1 1 1 1 1 1 1 1 1 1 1 1 1 1 1 1 1 1 1 1 1 1 1 1 1 1 1 1 1 1 1 1 1 1 1 1 1 1 1 1 1 1 1 1 1 1 1 1 1 1 1 1 1 1 1 1 1 1 1 1 1 1 1 1 1 1 1 1 1 1 1 1 1 1 1 1 1 0.966667 0.933333 0.9 0.866667 0.833333 0.8 0.766667 0.733333 0.7 0.666667 0.633333 0.6 0.566667 0.533333 0.5 0.466667 0.433333 0.4 0.366667 0.333333 0.3 0.266667 0.233333 0.2 0.166667 0.133333 0.1 0.0666667 0.0333333 0 0 0 0 0 0 0 0 0 0 0 0 0 0 0 0 0 0 0 0
 0 0 0 0 0 0.0244717 0.0954915 0.206107 0.345492 0.5 0.654508 0.793893 0.904508 0.975528 1 1 1 1 1 1 1 1 1 1 1 1 1 1 1 1 1 1 1 1 1 1 1 1 1 1 1 1 1 1 1 1 1 1 1 1 1 1 1 1 1 1 1 1 1 1 1 1 1 1 1 1 1 1 1 1 1 1 1 1 1 1 1 1 1 1 1 1 1 1 1 1 1 1 1 1 1 1 1 1 1 1 1 1 1 1 1 1 1 1 1 1 1 1 1 1 1 1 1 1 1 1 1 1 1 1 1 1 1 1 1 1 1 1 1 1 1 1 1 1 1 1 1 1 1 1 1 1 1 1 1 1 1 1 1 1 1 1 1 1 1 1 1 1 1 1 1 1 1 1 1 1 1 1 1 1 1 1 1 1 1 1 1 1 1 1 1 1 1 1 1 1 1 1 1 1 1 1 1 1 1 1 1 1 1 1
 1 1 1 1 1 1 1 1 1 1 1 1 1 1 1 1 1 1 1 1 1 1 1 1 1 1 1 1 1 1 1 1 1 1 1 1 1 1 1 1 1 1 1 1 1 1 1 1 1 1 1 1 1 1 1 1 1 1 1 1 1 1 1 1 1 1 1 1 1 1 1 1 1 1 1 1 1 1 1 1 1 1 1 1 1 1 1 1 1 1 1 1 1 1 1 1 1 1 1 1 1 1 1 1 1 1 1 1 1 1 1 1 1 1 1 1 1 1 1 1 1 1 1 1 1 1 1 1 1 1 1 1 1 1 1 1 1 1 1 1 1 1 1 1 1 1 1 1 1 1 1 0.997261 0.989074 0.975528 0.956773 0.933013 0.904508 0.871572 0.834565 0.793893 0.75 0.703368 0.654508 0.603956 0.552264 0.5 0.447736 0.396044 0.345492 0.296632 0.25 0.206107 0.165435 0.128428 0.0954915 0.0669873 0.0432273 0.0244717 0.0109262 0.00273905 0 0 0 0 0 0 0 0 0 0 0 0 0 0 0 0 0 0 0 0
 0 0 0 0 0 0 0 0 0 0 0 0.0109262 0.0432273 0.0954915 0.165435 0.25 0.345492 0.447736 0.552264 0.654508 0.75 0.834565 0.904508 0.956773 0.989074 1 1 1 1 1 1 1 1 1 1 1 1 1 1 1 1 1 1 1 1 1 1 1 1 1 1 1 1 1 1 1 1 1 1 1 1 1 1 1 1 1 1 1 1 1 1 1 1 1 1 1 1 1 1 1 1 1 1 1 1 1 1 1 1 1 1 1 1 1 1 1 1 1 1 1 1 1 1 1 1 1 1 1 1 1 1 1 1 1 1 1 1 1 1 1 1 1 1 1 1 1 1 1 1 1 1 1 1 1 1 1 1 1 1 1 1 1 1 1 1 1 1 1 1 1 1 0.997261 0.989074 0.975528 0.956773 0.933013 0.904508 0.871572 0.834565 0.793893 0.75 0.703368 0.654508 0.603956 0.552264 0.5 0.447736 0.396044 0.345492 0.296632 0.25 0.206107 0.165435 0.128428 0.0954915 0.0669873 0.0432273 0.0244717 0.0109262 0.00273905 0 0 0 0 0 0 0 0 0 0 0 0 0 0 0 0 0 0 0 0
Data from test number 0
 0 0 0
 0 0 0
 0 0 0
 0 0 0
 0 0 0
 0.1 0.2 0.3
 0.2 0.4 0.6
 0.3 0.6 0.9
 0.4 0.8 1.2
 0.5 1 1.5
 0.6 1.2 1.8
 0.7 1.4 2.1
 0.8 1.6 2.4
 0.9 1.8 2.7
 1 2 3
 1 2 3
 1 2 3
 1 2 3
 1 2 3
 1 2 3
 1 2 3
 1 2 3
 1 2 3
 1 2 3
 1 2 3
 1 2 3
 1 2 3
 1 2 3
 1 2 3
 1 2 3
 1 2 3
 1 2 3
 1 2 3
 1 2 3
 1 2 3
 1 2 3
 1 2 3
 1 2 3
 1 2 3
 1 2 3
 1 2 3
 1 2 3
 1 2 3
 1 2 3
 1 2 3
 1 2 3
 1 2 3
 1 2 3
 1 2 3
 1 2 3
 1 2 3
 1 2 3
 1 2 3
 1 2 3
 1 2 3
 1 2 3
 1 2 3
 1 2 3
 1 2 3
 1 2 3
 1 2 3
 1 2 3
 1 2 3
 1 2 3
 1 2 3
 1 2 3
 1 2 3
 1 2 3
 1 2 3
 1 2 3
 1 2 3
 1 2 3
 1 2 3
 1 2 3
 1 2 3
 1 2 3
 1 2 3
 1 2 3
 1 2 3
 1 2 3
 1 2 3
 1 2 3
 1 2 3
 1 2 3
 1 2 3
 1 2 3
 1 2 3
 1 2 3
 1 2 3
 1 2 3
 1 2 3
 1 2 3
 1 2 3
 1 2 3
 1 2 3
 1 2 3
 1 2 3
 1 2 3
 1 2 3
 1 2 3
 1 2 3
 1 2 3
 1 2 3
 1 2 3
 1 2 3
 1 2 3
 1 2 3
 1 2 3
 1 2 3
 1 2 3
 1 2 3
 1 2 3
 1 2 3
 1 2 3
 1 2 3
 1 2 3
 1 2 3
 1 2 3
 1 2 3
 1 2 3
 1 2 3
 1 2 3
 1 2 3
 1 2 3
 1 2 3
 1 2 3
 1 2 3
 1 2 3
 1 2 3
 1 2 3
 1 2 3
 1 2 3
 1 2 3
 1 2 3
 1 2 3
 1 2 3
 1 2 3
 1 2 3
 1 2 3
 1 2 3
 1 2 3
 1 2 3
 1 2 3
 1 2 3
 1 2 3
 1 2 3
 1 2 3
 1 2 3
 1 2 3
 1 2 3
 1 2 3
 1 2 3
 1 2 3
 1 2 3
 1 2 3
 1 2 3
 1 2 3
 1 2 3
 1 2 3
 1 2 3
 1 2 3
 1 2 3
 1 2 3
 1 2 3
 1 2 3
 1 2 3
 1 2 3
 1 2 3
 1 2 3
 1 2 3
 1 2 3
 1 2 3
 1 2 3
 1 2 3
 1 2 3
 1 2 3
 1 2 3
 1 2 3
 1 2 3
 1 2 3
 1 2 3
 1 2 3
 1 2 3
 1 2 3
 1 2 3
 1 2 3
 1 2 3
 1 2 3
 1 2 3
 1 2 3
 1 2 3
 1 2 3
 1 2 3
 1 2 3
 1 2 3
 1 2 3
 1 2 3
 1 2 3
 1 2 3
 1 2 3
Data from test number 1
 1 2 3
 1 2 3
 1 2 3
 1 2 3
 1 2 3
 1 2 3
 1 2 3
 1 2 3
 1 2 3
 1 2 3
 1 2 3
 1 2 3
 1 2 3
 1 2 3
 1 2 3
 1 2 3
 1 2 3
 1 2 3
 1 2 3
 1 2 3
 1 2 3
 1 2 3
 1 2 3
 1 2 3
 1 2 3
 1 2 3
 1 2 3
 1 2 3
 1 2 3
 1 2 3
 1 2 3
 1 2 3
 1 2 3
 1 2 3
 1 2 3
 1 2 3
 1 2 3
 1 2 3
 1 2 3
 1 2 3
 1 2 3
 1 2 3
 1 2 3
 1 2 3
 1 2 3
 1 2 3
 1 2 3
 1 2 3
 1 2 3
 1 2 3
 1 2 3
 1 2 3
 1 2 3
 1 2 3
 1 2 3
 1 2 3
 1 2 3
 1 2 3
 1 2 3
 1 2 3
 1 2 3
 1 2 3
 1 2 3
 1 2 3
 1 2 3
 1 2 3
 1 2 3
 1 2 3
 1 2 3
 1 2 3
 1 2 3
 1 2 3
 1 2 3
 1 2 3
 1 2 3
 1 2 3
 1 2 3
 1 2 3
 1 2 3
 1 2 3
 1 2 3
 1 2 3
 1 2 3
 1 2 3
 1 2 3
 1 2 3
 1 2 3
 1 2 3
 1 2 3
 1 2 3
 1 2 3
 1 2 3
 1 2 3
 1 2 3
 1 2 3
 1 2 3
 1 2 3
 1 2 3
 1 2 3
 1 2 3
 1 2 3
 1 2 3
 1 2 3
 1 2 3
 1 2 3
 1 2 3
 1 2 3
 1 2 3
 1 2 3
 1 2 3
 1 2 3
 1 2 3
 1 2 3
 1 2 3
 1 2 3
 1 2 3
 1 2 3
 1 2 3
 1 2 3
 1 2 3
 1 2 3
 1 2 3
 1 2 3
 1 2 3
 1 2 3
 1 2 3
 1 2 3
 1 2 3
 1 2 3
 1 2 3
 1 2 3
 1 2 3
 1 2 3
 1 2 3
 1 2 3
 1 2 3
 1 2 3
 1 2 3
 1 2 3
 1 2 3
 1 2 3
 1 2 3
 1 2 3
 1 2 3
 1 2 3
 1 2 3
 1 2 3
 1 2 3
 1 2 3
 1 2 3
 0 0 0
 0.0333333 0.0666667 0.1
 0.0666667 0.133333 0.2
 0.1 0.2 0.3
 0.133333 0.266667 0.4
 0.166667 0.333333 0.5
 0.2 0.4 0.6
 0.233333 0.466667 0.7
 0.266667 0.533333 0.8
 0.3 0.6 0.9
 0.333333 0.666667 1
 0.366667 0.733333 1.1
 0.4 0.8 1.2
 0.433333 0.866667 1.3
 0.466667 0.933333 1.4
 0.5 1 1.5
 0.533333 1.06667 1.6
 0.566667 1.13333 1.7
 0.6 1.2 1.8
 0.633333 1.26667 1.9
 0.666667 1.33333 2
 0.7 1.4 2.1
 0.733333 1.46667 2.2
 0.766667 1.53333 2.3
 0.8 1.6 2.4
 0.833333 1.66667 2.5
 0.866667 1.73333 2.6
 0.9 1.8 2.7
 0.933333 1.86667 2.8
 0.966667 1.93333 2.9
 0 0 0
 0 0 0
 0 0 0
 0 0 0
 0 0 0
 0 0 0
 0 0 0
 0 0 0
 0 0 0
 0 0 0
 0 0 0
 0 0 0
 0 0 0
 0 0 0
 0 0 0
 0 0 0
 0 0 0
 0 0 0
 0 0 0
 0 0 0
Data from test number 2
 0 0 0
 0 0 0
 0 0 0
 0 0 0
 0 0 0
 0 0 0
 0 0 0
 0 0 0
 0 0 0
 0 0 0
 0 0 0
 0.0666667 0.133333 0.2
 0.133333 0.266667 0.4
 0.2 0.4 0.6
 0.266667 0.533333 0.8
 0.333333 0.666667 1
 0.4 0.8 1.2
 0.466667 0.933333 1.4
 0.533333 1.06667 1.6
 0.6 1.2 1.8
 0.666667 1.33333 2
 0.733333 1.46667 2.2
 0.8 1.6 2.4
 0.866667 1.73333 2.6
 0.933333 1.86667 2.8
 1 2 3
 1 2 3
 1 2 3
 1 2 3
 1 2 3
 1 2 3
 1 2 3
 1 2 3
 1 2 3
 1 2 3
 1 2 3
 1 2 3
 1 2 3
 1 2 3
 1 2 3
 1 2 3
 1 2 3
 1 2 3
 1 2 3
 1 2 3
 1 2 3
 1 2 3
 1 2 3
 1 2 3
 1 2 3
 1 2 3
 1 2 3
 1 2 3
 1 2 3
 1 2 3
 1 2 3
 1 2 3
 1 2 3
 1 2 3
 1 2 3
 1 2 3
 1 2 3
 1 2 3
 1 2 3
 1 2 3
 1 2 3
 1 2 3
 1 2 3
 1 2 3
 1 2 3
 1 2 3
 1 2 3
 1 2 3
 1 2 3
 1 2 3
 1 2 3
 1 2 3
 1 2 3
 1 2 3
 1 2 3
 1 2 3
 1 2 3
 1 2 3
 1 2 3
 1 2 3
 1 2 3
 1 2 3
 1 2 3
 1 2 3
 1 2 3
 1 2 3
 1 2 3
 1 2 3
 1 2 3
 1 2 3
 1 2 3
 1 2 3
 1 2 3
 1 2 3
 1 2 3
 1 2 3
 1 2 3
 1 2 3
 1 2 3
 1 2 3
 1 2 3
 1 2 3
 1 2 3
 1 2 3
 1 2 3
 1 2 3
 1 2 3
 1 2 3
 1 2 3
 1 2 3
 1 2 3
 1 2 3
 1 2 3
 1 2 3
 1 2 3
 1 2 3
 1 2 3
 1 2 3
 1 2 3
 1 2 3
 1 2 3
 1 2 3
 1 2 3
 1 2 3
 1 2 3
 1 2 3
 1 2 3
 1 2 3
 1 2 3
 1 2 3
 1 2 3
 1 2 3
 1 2 3
 1 2 3
 1 2 3
 1 2 3
 1 2 3
 1 2 3
 1 2 3
 1 2 3
 1 2 3
 1 2 3
 1 2 3
 1 2 3
 1 2 3
 0 0 0
 0.0333333 0.0666667 0.1
 0.0666667 0.133333 0.2
 0.1 0.2 0.3
 0.133333 0.266667 0.4
 0.166667 0.333333 0.5
 0.2 0.4 0.6
 0.233333 0.466667 0.7
 0.266667 0.533333 0.8
 0.3 0.6 0.9
 0.333333 0.666667 1
 0.366667 0.733333 1.1
 0.4 0.8 1.2
 0.433333 0.866667 1.3
 0.466667 0.933333 1.4
 0.5 1 1.5
 0.533333 1.06667 1.6
 0.566667 1.13333 1.7
 0.6 1.2 1.8
 0.633333 1.26667 1.9
 0.666667 1.33333 2
 0.7 1.4 2.1
 0.733333 1.46667 2.2
 0.766667 1.53333 2.3
 0.8 1.6 2.4
 0.833333 1.66667 2.5
 0.866667 1.73333 2.6
 0.9 1.8 2.7
 0.933333 1.86667 2.8
 0.966667 1.93333 2.9
 0 0 0
 0 0 0
 0 0 0
 0 0 0
 0 0 0
 0 0 0
 0 0 0
 0 0 0
 0 0 0
 0 0 0
 0 0 0
 0 0 0
 0 0 0
 0 0 0
 0 0 0
 0 0 0
 0 0 0
 0 0 0
 0 0 0
 0 0 0
Data from test number 3
 0 0 0
 0 0 0
 0 0 0
 0 0 0
 0 0 0
 0.0244717 0.0489435 0.0734152
 0.0954915 0.190983 0.286475
 0.206107 0.412215 0.618322
 0.345492 0.690983 1.03647
 0.5 1 1.5
 0.654508 1.30902 1.96353
 0.793893 1.58779 2.38168
 0.904508 1.80902 2.71353
 0.975528 1.95106 2.92658
 1 2 3
 1 2 3
 1 2 3
 1 2 3
 1 2 3
 1 2 3
 1 2 3
 1 2 3
 1 2 3
 1 2 3
 1 2 3
 1 2 3
 1 2 3
 1 2 3
 1 2 3
 1 2 3
 1 2 3
 1 2 3
 1 2 3
 1 2 3
 1 2 3
 1 2 3
 1 2 3
 1 2 3
 1 2 3
 1 2 3
 1 2 3
 1 2 3
 1 2 3
 1 2 3
 1 2 3
 1 2 3
 1 2 3
 1 2 3
 1 2 3
 1 2 3
 1 2 3
 1 2 3
 1 2 3
 1 2 3
 1 2 3
 1 2 3
 1 2 3
 1 2 3
 1 2 3
 1 2 3
 1 2 3
 1 2 3
 1 2 3
 1 2 3
 1 2 3
 1 2 3
 1 2 3
 1 2 3
 1 2 3
 1 2 3
 1 2 3
 1 2 3
 1 2 3
 1 2 3
 1 2 3
 1 2 3
 1 2 3
 1 2 3
 1 2 3
 1 2 3
 1 2 3
 1 2 3
 1 2 3
 1 2 3
 1 2 3
 1 2 3
 1 2 3
 1 2 3
 1 2 3
 1 2 3
 1 2 3
 1 2 3
 1 2 3
 1 2 3
 1 2 3
 1 2 3
 1 2 3
 1 2 3
 1 2 3
 1 2 3
 1 2 3
 1 2 3
 1 2 3
 1 2 3
 1 2 3
 1 2 3
 1 2 3
 1 2 3
 1 2 3
 1 2 3
 1 2 3
 1 2 3
 1 2 3
 1 2 3
 1 2 3
 1 2 3
 1 2 3
 1 2 3
 1 2 3
 1 2 3
 1 2 3
 1 2 3
 1 2 3
 1 2 3
 1 2 3
 1 2 3
 1 2 3
 1 2 3
 1 2 3
 1 2 3
 1 2 3
 1 2 3
 1 2 3
 1 2 3
 1 2 3
 1 2 3
 1 2 3
 1 2 3
 1 2 3
 1 2 3
 1 2 3
 1 2 3
 1 2 3
 1 2 3
 1 2 3
 1 2 3
 1 2 3
 1 2 3
 1 2 3
 1 2 3
 1 2 3
 1 2 3
 1 2 3
 1 2 3
 1 2 3
 1 2 3
 1 2 3
 1 2 3
 1 2 3
 1 2 3
 1 2 3
 1 2 3
 1 2 3
 1 2 3
 1 2 3
 1 2 3
 1 2 3
 1 2 3
 1 2 3
 1 2 3
 1 2 3
 1 2 3
 1 2 3
 1 2 3
 1 2 3
 1 2 3
 1 2 3
 1 2 3
 1 2 3
 1 2 3
 1 2 3
 1 2 3
 1 2 3
 1 2 3
 1 2 3
 1 2 3
 1 2 3
 1 2 3
 1 2 3
 1 2 3
 1 2 3
 1 2 3
 1 2 3
 1 2 3
 1 2 3
 1 2 3
 1 2 3
 1 2 3
 1 2 3
 1 2 3
Data from test number 4
 1 2 3
 1 2 3
 1 2 3
 1 2 3
 1 2 3
 1 2 3
 1 2 3
 1 2 3
 1 2 3
 1 2 3
 1 2 3
 1 2 3
 1 2 3
 1 2 3
 1 2 3
 1 2 3
 1 2 3
 1 2 3
 1 2 3
 1 2 3
 1 2 3
 1 2 3
 1 2 3
 1 2 3
 1 2 3
 1 2 3
 1 2 3
 1 2 3
 1 2 3
 1 2 3
 1 2 3
 1 2 3
 1 2 3
 1 2 3
 1 2 3
 1 2 3
 1 2 3
 1 2 3
 1 2 3
 1 2 3
 1 2 3
 1 2 3
 1 2 3
 1 2 3
 1 2 3
 1 2 3
 1 2 3
 1 2 3
 1 2 3
 1 2 3
 1 2 3
 1 2 3
 1 2 3
 1 2 3
 1 2 3
 1 2 3
 1 2 3
 1 2 3
 1 2 3
 1 2 3
 1 2 3
 1 2 3
 1 2 3
 1 2 3
 1 2 3
 1 2 3
 1 2 3
 1 2 3
 1 2 3
 1 2 3
 1 2 3
 1 2 3
 1 2 3
 1 2 3
 1 2 3
 1 2 3
 1 2 3
 1 2 3
 1 2 3
 1 2 3
 1 2 3
 1 2 3
 1 2 3
 1 2 3
 1 2 3
 1 2 3
 1 2 3
 1 2 3
 1 2 3
 1 2 3
 1 2 3
 1 2 3
 1 2 3
 1 2 3
 1 2 3
 1 2 3
 1 2 3
 1 2 3
 1 2 3
 1 2 3
 1 2 3
 1 2 3
 1 2 3
 1 2 3
 1 2 3
 1 2 3
 1 2 3
 1 2 3
 1 2 3
 1 2 3
 1 2 3
 1 2 3
 1 2 3
 1 2 3
 1 2 3
 1 2 3
 1 2 3
 1 2 3
 1 2 3
 1 2 3
 1 2 3
 1 2 3
 1 2 3
 1 2 3
 1 2 3
 1 2 3
 1 2 3
 1 2 3
 1 2 3
 1 2 3
 1 2 3
 1 2 3
 1 2 3
 1 2 3
 1 2 3
 1 2 3
 1 2 3
 1 2 3
 1 2 3
 1 2 3
 1 2 3
 1 2 3
 1 2 3
 1 2 3
 1 2 3
 1 2 3
 1 2 3
 1 2 3
 1 2 3
 1 2 3
 1 2 3
 0.997261 1.99452 2.99178
 0.989074 1.97815 2.96722
 0.975528 1.95106 2.92658
 0.956773 1.91355 2.87032
 0.933013 1.86603 2.79904
 0.904508 1.80902 2.71353
 0.871572 1.74314 2.61472
 0.834565 1.66913 2.5037
 0.793893 1.58779 2.38168
 0.75 1.5 2.25
 0.703368 1.40674 2.1101
 0.654508 1.30902 1.96353
 0.603956 1.20791 1.81187
 0.552264 1.10453 1.65679
 0.5 1 1.5
 0.447736 0.895472 1.34321
 0.396044 0.792088 1.18813
 0.345492 0.690983 1.03647
 0.296632 0.593263 0.889895
 0.25 0.5 0.75
 0.206107 0.412215 0.618322
 0.165435 0.330869 0.496304
 0.128428 0.256855 0.385283
 0.0954915 0.190983 0.286475
 0.0669873 0.133975 0.200962
 0.0432273 0.0864545 0.129682
 0.0244717 0.0489435 0.0734152
 0.0109262 0.0218524 0.0327786
 0.00273905 0.0054781 0.00821716
 0 0 0
 0 0 0
 0 0 0
 0 0 0
 0 0 0
 0 0 0
 0 0 0
 0 0 0
 0 0 0
 0 0 0
 0 0 0
 0 0 0
 0 0 0
 0 0 0
 0 0 0
 0 0 0
 0 0 0
 0 0 0
 0 0 0
 0 0 0
Data from test number 5
 0 0 0
 0 0 0
 0 0 0
 0 0 0
 0 0 0
 0 0 0
 0 0 0
 0 0 0
 0 0 0
 0 0 0
 0 0 0
 0.0109262 0.0218524 0.0327786
 0.0432273 0.0864545 0.129682
 0.0954915 0.190983 0.286475
 0.165435 0.330869 0.496304
 0.25 0.5 0.75
 0.345492 0.690983 1.03647
 0.447736 0.895472 1.34321
 0.552264 1.10453 1.65679
 0.654508 1.30902 1.96353
 0.75 1.5 2.25
 0.834565 1.66913 2.5037
 0.904508 1.80902 2.71353
 0.956773 1.91355 2.87032
 0.989074 1.97815 2.96722
 1 2 3
 1 2 3
 1 2 3
 1 2 3
 1 2 3
 1 2 3
 1 2 3
 1 2 3
 1 2 3
 1 2 3
 1 2 3
 1 2 3
 1 2 3
 1 2 3
 1 2 3
 1 2 3
 1 2 3
 1 2 3
 1 2 3
 1 2 3
 1 2 3
 1 2 3
 1 2 3
 1 2 3
 1 2 3
 1 2 3
 1 2 3
 1 2 3
 1 2 3
 1 2 3
 1 2 3
 1 2 3
 1 2 3
 1 2 3
 1 2 3
 1 2 3
 1 2 3
 1 2 3
 1 2 3
 1 2 3
 1 2 3
 1 2 3
 1 2 3
 1 2 3
 1 2 3
 1 2 3
 1 2 3
 1 2 3
 1 2 3
 1 2 3
 1 2 3
 1 2 3
 1 2 3
 1 2 3
 1 2 3
 1 2 3
 1 2 3
 1 2 3
 1 2 3
 1 2 3
 1 2 3
 1 2 3
 1 2 3
 1 2 3
 1 2 3
 1 2 3
 1 2 3
 1 2 3
 1 2 3
 1 2 3
 1 2 3
 1 2 3
 1 2 3
 1 2 3
 1 2 3
 1 2 3
 1 2 3
 1 2 3
 1 2 3
 1 2 3
 1 2 3
 1 2 3
 1 2 3
 1 2 3
 1 2 3
 1 2 3
 1 2 3
 1 2 3
 1 2 3
 1 2 3
 1 2 3
 1 2 3
 1 2 3
 1 2 3
 1 2 3
 1 2 3
 1 2 3
 1 2 3
 1 2 3
 1 2 3
 1 2 3
 1 2 3
 1 2 3
 1 2 3
 1 2 3
 1 2 3
 1 2 3
 1 2 3
 1 2 3
 1 2 3
 1 2 3
 1 2 3
 1 2 3
 1 2 3
 1 2 3
 1 2 3
 1 2 3
 1 2 3
 1 2 3
 1 2 3
 1 2 3
 1 2 3
 1 2 3
 1 2 3
 1 2 3
 1 2 3
 0.997261 1.99452 2.99178
 0.989074 1.97815 2.96722
 0.975528 1.95106 2.92658
 0.956773 1.91355 2.87032
 0.933013 1.86603 2.79904
 0.904508 1.80902 2.71353
 0.871572 1.74314 2.61472
 0.834565 1.66913 2.5037
 0.793893 1.58779 2.38168
 0.75 1.5 2.25
 0.703368 1.40674 2.1101
 0.654508 1.30902 1.96353
 0.603956 1.20791 1.81187
 0.552264 1.10453 1.65679
 0.5 1 1.5
 0.447736 0.895472 1.34321
 0.396044 0.792088 1.18813
 0.345492 0.690983 1.03647
 0.296632 0.593263 0.889895
 0.25 0.5 0.75
 0.206107 0.412215 0.618322
 0.165435 0.330869 0.496304
 0.128428 0.256855 0.385283
 0.0954915 0.190983 0.286475
 0.0669873 0.133975 0.200962
 0.0432273 0.0864545 0.129682
 0.0244717 0.0489435 0.0734152
 0.0109262 0.0218524 0.0327786
 0.00273905 0.0054781 0.00821716
 0 0 0
 0 0 0
 0 0 0
 0 0 0
 0 0 0
 0 0 0
 0 0 0
 0 0 0
 0 0 0
 0 0 0
 0 0 0
 0 0 0
 0 0 0
 0 0 0
 0 0 0
 0 0 0
 0 0 0
 0 0 0
 0 0 0
 0 0 0
